4:53:25 PM [vite] http proxy error: /api/health/ready
AggregateError [ECONNREFUSED]: 
    at internalConnectMultiple (node:net:1194:18)
    at afterConnectMultiple (node:net:1784:7)
5:09:54 PM [vite] http proxy error: /api/notifications?limit=15
AggregateError [ECONNREFUSED]: 
    at internalConnectMultiple (node:net:1194:18)
    at afterConnectMultiple (node:net:1784:7)
5:09:55 PM [vite] http proxy error: /api/notifications?limit=15
AggregateError [ECONNREFUSED]: 
    at internalConnectMultiple (node:net:1194:18)
    at afterConnectMultiple (node:net:1784:7)
5:09:56 PM [vite] http proxy error: /api/notifications?limit=15
AggregateError [ECONNREFUSED]: 
    at internalConnectMultiple (node:net:1194:18)
    at afterConnectMultiple (node:net:1784:7)
5:09:57 PM [vite] http proxy error: /api/notifications?limit=15
AggregateError [ECONNREFUSED]: 
    at internalConnectMultiple (node:net:1194:18)
    at afterConnectMultiple (node:net:1784:7)
5:09:58 PM [vite] http proxy error: /api/me/self-assessment/current
AggregateError [ECONNREFUSED]: 
    at internalConnectMultiple (node:net:1194:18)
    at afterConnectMultiple (node:net:1784:7)
5:18:57 PM [vite] (client) [console.error] React has detected a change in the order of Hooks called by LinkedMyEvaluationsPanel. This will lead to bugs and errors if not fixed. For more information, read the Rules of Hooks: https://react.dev/link/rules-of-hooks

   Previous render            Next render
   ------------------------------------------------------
1. useContext                 useContext
2. useContext                 useContext
3. useContext                 useContext
4. useContext                 useContext
5. useContext                 useContext
6. useEffect                  useContext
   ^^^^^^^^^^^^^^^^^^^^^^^^^^^^^^^^^^^^^^^^^^^^^^^^^^^^^^

5:23:37 PM [vite] http proxy error: /api/scoring-schemes
AggregateError [ECONNREFUSED]: 
    at internalConnectMultiple (node:net:1194:18)
    at afterConnectMultiple (node:net:1784:7)
5:23:38 PM [vite] http proxy error: /api/scoring-schemes
AggregateError [ECONNREFUSED]: 
    at internalConnectMultiple (node:net:1194:18)
    at afterConnectMultiple (node:net:1784:7)
5:23:38 PM [vite] http proxy error: /api/notifications?limit=15
AggregateError [ECONNREFUSED]: 
    at internalConnectMultiple (node:net:1194:18)
    at afterConnectMultiple (node:net:1784:7)
5:23:39 PM [vite] http proxy error: /api/notifications?limit=15
AggregateError [ECONNREFUSED]: 
    at internalConnectMultiple (node:net:1194:18)
    at afterConnectMultiple (node:net:1784:7)
5:23:39 PM [vite] http proxy error: /api/notifications?limit=15
AggregateError [ECONNREFUSED]: 
    at internalConnectMultiple (node:net:1194:18)
    at afterConnectMultiple (node:net:1784:7)
5:23:40 PM [vite] http proxy error: /api/notifications?limit=15
AggregateError [ECONNREFUSED]: 
    at internalConnectMultiple (node:net:1194:18)
    at afterConnectMultiple (node:net:1784:7)
